// Jest Snapshot v1, https://goo.gl/fbAQLP

exports[`Sell products should render 1`] = `
<div
  className="makeStyles-root-1"
>
  <div
    className="MuiFormControl-root MuiTextField-root MuiFormControl-marginNormal"
  >
    <label
      className="MuiFormLabel-root MuiInputLabel-root MuiInputLabel-formControl MuiInputLabel-animated MuiInputLabel-shrink MuiInputLabel-outlined"
      data-shrink={true}
    >
      Search products
    </label>
    <div
      className="MuiInputBase-root MuiOutlinedInput-root MuiInputBase-formControl MuiInputBase-adornedStart MuiOutlinedInput-adornedStart"
      onClick={[Function]}
    >
      <svg
        aria-hidden={true}
        className="MuiSvgIcon-root"
        focusable="false"
        viewBox="0 0 24 24"
      >
        <path
          d="M15.5 14h-.79l-.28-.27C15.41 12.59 16 11.11 16 9.5 16 5.91 13.09 3 9.5 3S3 5.91 3 9.5 5.91 16 9.5 16c1.61 0 3.09-.59 4.23-1.57l.27.28v.79l5 4.99L20.49 19l-4.99-5zm-6 0C7.01 14 5 11.99 5 9.5S7.01 5 9.5 5 14 7.01 14 9.5 11.99 14 9.5 14z"
        />
      </svg>
      <input
        aria-invalid={false}
        autoFocus={false}
        className="MuiInputBase-input MuiOutlinedInput-input MuiInputBase-inputAdornedStart MuiOutlinedInput-inputAdornedStart"
        data-testid="productSearch"
        disabled={false}
        onAnimationStart={[Function]}
        onBlur={[Function]}
        onChange={[Function]}
        onFocus={[Function]}
        required={false}
        type="text"
        value=""
      />
      <fieldset
        aria-hidden={true}
        className="PrivateNotchedOutline-root-4 MuiOutlinedInput-notchedOutline"
      >
        <legend
          className="PrivateNotchedOutline-legendLabelled-6 PrivateNotchedOutline-legendNotched-7"
        >
          <span>
            Search products
          </span>
        </legend>
      </fieldset>
    </div>
  </div>
  <div
    className="makeStyles-container-2"
  >
    <div
      className="MuiPaper-root MuiCard-root makeStyles-root-8 MuiPaper-elevation1 MuiPaper-rounded"
    >
      <div
        className="MuiCardContent-root"
      >
        <span
          className="MuiTypography-root MuiTypography-body1"
        >
          <div
            className="MuiBox-root MuiBox-root-9"
          >
            Total: ₹ 
            0
             /-
          </div>
        </span>
      </div>
      <div
        className="MuiCardActions-root MuiCardActions-spacing"
      >
        <button
          className="MuiButtonBase-root MuiButton-root MuiButton-contained MuiButton-containedPrimary MuiButton-containedSizeSmall MuiButton-sizeSmall"
          disabled={false}
          onBlur={[Function]}
          onClick={[Function]}
          onDragLeave={[Function]}
          onFocus={[Function]}
          onKeyDown={[Function]}
          onKeyUp={[Function]}
          onMouseDown={[Function]}
          onMouseLeave={[Function]}
          onMouseUp={[Function]}
          onTouchEnd={[Function]}
          onTouchMove={[Function]}
          onTouchStart={[Function]}
          tabIndex={0}
          type="button"
        >
          <span
            className="MuiButton-label"
          >
            Checkout (
            0
            )
          </span>
        </button>
      </div>
    </div>
    <div
      className="makeStyles-products-3"
    />
  </div>
</div>
`;
