// Jest Snapshot v1, https://goo.gl/fbAQLP

exports[`Cart product should render 1`] = `
<div
  className="MuiPaper-root MuiCard-root makeStyles-root-1 MuiPaper-elevation1 MuiPaper-rounded"
>
  <div
    className="MuiCardContent-root"
  >
    <span
      className="MuiTypography-root MuiTypography-body1 MuiTypography-gutterBottom"
    >
      Test
    </span>
    <div
      className="MuiChip-root makeStyles-priceChip-2 MuiChip-outlined MuiChip-sizeSmall"
      onKeyDown={[Function]}
      onKeyUp={[Function]}
    >
      <span
        className="MuiChip-label MuiChip-labelSmall"
      >
        11/-
      </span>
    </div>
  </div>
  <div
    className="MuiCardActions-root MuiCardActions-spacing"
  >
    <button
      className="MuiButtonBase-root MuiButton-root MuiButton-text MuiButton-textPrimary MuiButton-textSizeSmall MuiButton-sizeSmall"
      disabled={false}
      onBlur={[Function]}
      onDragLeave={[Function]}
      onFocus={[Function]}
      onKeyDown={[Function]}
      onKeyUp={[Function]}
      onMouseDown={[Function]}
      onMouseLeave={[Function]}
      onMouseUp={[Function]}
      onTouchEnd={[Function]}
      onTouchMove={[Function]}
      onTouchStart={[Function]}
      tabIndex={0}
      type="button"
    >
      <span
        className="MuiButton-label"
      >
        Add
      </span>
    </button>
  </div>
</div>
`;
